Page 1           Source Listing                  GRIB_DIST
2017-03-22 17:31                                 grib_dist.f90

      1 SUBROUTINE grib_dist(dist,i1,j1,i2,j2)
      2 !******************************************************
      3 !
      4        pi=4.0*atan(1.0)
      5        fac=6370.0   ! is radius of earth in KM
      6        xlon1=pi*float(i1)/180.0
      7        xlon2=pi*float(i2)/180.0
      8        phi1=pi*float(91-j1)/180.0
      9        phi2=pi*float(91-j2)/180.0
     10        cosang=sin(phi1)*sin(phi2)+cos(phi1)*cos(phi2)*cos(xlon1-xlon2)
     11        dist=fac*acos(cosang)   ! is spherical dist in  KM 
     12        RETURN
     13        END SUBROUTINE grib_dist


ENTRY POINTS

  Name                  
                        
 grib_dist_             


SYMBOL CROSS REFERENCE

 Name                       Object Declared Type            Bytes Dimen Elements Attributes       References                        
                                                                                                                                    
 ACOS                       Func   11                                   scalar                    11                                
 ATAN                       Func   4                                    scalar                    4                                 
 COS                        Func   10                                   scalar                    10                                
 COSANG                     Local  10       R(4)            4           scalar                    10,11                             
 DIST                       Dummy  1        R(4)            4           scalar   ARG,INOUT        11                                
 FAC                        Local  5        R(4)            4           scalar                    5,11                              
 FLOAT                      Func   6                                    scalar                    6,7,8,9                           
 GRIB_DIST                  Subr   1                                                                                                
 I1                         Dummy  1        I(4)            4           scalar   ARG,INOUT        6                                 
 I2                         Dummy  1        I(4)            4           scalar   ARG,INOUT        7                                 
 J1                         Dummy  1        I(4)            4           scalar   ARG,INOUT        8                                 
 J2                         Dummy  1        I(4)            4           scalar   ARG,INOUT        9                                 
 PHI1                       Local  8        R(4)            4           scalar                    8,10                              
 PHI2                       Local  9        R(4)            4           scalar                    9,10                              
 PI                         Local  4        R(4)            4           scalar                    4,6,7,8,9                         
 SIN                        Func   10                                   scalar                    10                                
 XLON1                      Local  6        R(4)            4           scalar                    6,10                              
 XLON2                      Local  7        R(4)            4           scalar                    7,10                              

Page 2           Source Listing                  GRIB_DIST
2017-03-22 17:31 Subprograms/Common Blocks       grib_dist.f90



SUBPROGRAMS/COMMON BLOCKS

 Name                       Object Declared Type            Bytes Dimen Elements Attributes       References                        
                                                                                                                                    
 GRIB_DIST                  Subr   1                                                                                                

COMPILER OPTIONS BEING USED

       -align nocommons                      -align nodcommons
       -align noqcommons                     -align records
       -align nosequence                     -align norec1byte
       -align norec2byte                     -align norec4byte
       -align norec8byte                     -align norec16byte
       -altparam                             -assume accuracy_sensitive
       -assume nobscc                        -assume nobuffered_io
       -assume nobyterecl                    -assume nocc_omp
       -assume nocstring                     -assume nodummy_aliases
       -assume nofpe_summary                 -assume noieee_fpe_flags
       -assume nominus0                      -assume noold_boz
       -assume old_unit_star                 -assume old_ldout_format
       -assume noold_logical_ldio            -assume old_maxminloc
       -assume old_xor                       -assume protect_constants
       -assume noprotect_parens              -assume split_common
       -assume source_include                -assume nostd_intent_in
       -assume nostd_mod_proc_name           -assume norealloc_lhs
       -assume underscore                    -assume no2underscores
  no   -auto                                 -auto_scalar
  no   -bintext                              -ccdefault default
       -check args                           -check arg_temp_created
       -check bounds                         -check format
       -check nooutput_conversion            -check overflow
       -check pointers                       -check power
       -check shape                          -check underflow
       -check uninitialized                  -coarray-num-procs 0
  no   -coarray-config-file                  -convert big_endian
       -cross_reference                      -D __INTEL_COMPILER=1210
       -D __unix__                           -D __unix
       -D __linux__                          -D __linux
       -D __gnu_linux__                      -D unix
       -D linux                              -D __ELF__
       -D __x86_64                           -D __x86_64__
       -D _MT                                -D __INTEL_COMPILER_BUILD_DATE=20120612
       -D __i686                             -D __i686__
       -D __pentiumpro                       -D __pentiumpro__
       -D __pentium4                         -D __pentium4__
       -D __tune_pentium4__                  -D __SSE2__
       -D __SSE__                            -D __MMX__
       -double_size 64                  no   -d_lines
  no   -Qdyncom                              -error_limit 30
  no   -f66                             no   -f77rtl
  no   -fast                                 -fpscomp nofilesfromcmd
       -fpscomp nogeneral                    -fpscomp noioformat
       -fpscomp noldio_spacing               -fpscomp nologicals
  no   -fpconstant                           -fpe3
       -fprm nearest                    no   -ftz

Page 3           Source Listing                  GRIB_DIST
2017-03-22 17:31                                 grib_dist.f90

       -fp_model noprecise                   -fp_model fast
       -fp_model nostrict                    -fp_model nosource
       -fp_model nodouble                    -fp_model noextended
       -fp_model novery_fast                 -fp_model noexcept
       -fp_model nono_except                 -heap_arrays 0
  no   -threadprivate_compat                 -free
       -g2                                   -iface nomixed_str_len_arg
       -iface nono_mixed_str_len_arg         -init nan
       -init nozero                     no   -intconstant
       -integer_size 32                 no   -mixed_str_len_arg
  no   -module                               -names lowercase
  no   -noinclude                            -O2
  no   -pad_source                           -real_size 32
  no   -recursive                            -reentrancy none
  no   -sharable_localsaves                  -vec=simd
       -show noinclude                       -show map
       -show options                    no   -syntax_only
  no   -threadcom                       no   -U
  no   -vms                                  -w noall
       -w nonone                             -w alignments
       -w noargument_checking                -w nodeclarations
       -w general                            -w noignore_bounds
       -w noignore_loc                       -w nointerfaces
       -w notruncated_source                 -w uncalled
       -w uninitialized                      -w nounused
       -w usage

       -includepath : /gpfs/gp1/usrx/local/intel/composer_xe_2011_sp1.11.339/compiler/include/,.f,./.f,/usrx/local/intel/composerxe/mkl/include/.f,
           /usrx/local/intel/composerxe/tbb/include/.f,/gpfs/gp1/usrx/local/intel/composer_xe_2011_sp1.11.339/compiler/include/intel64/.f,
           /gpfs/gp1/usrx/local/intel/composer_xe_2011_sp1.11.339/compiler/include/.f,/usr/local/include/.f,/usr/lib/gcc/x86_64-redhat-linux/4.4.7/include/.f,
           /usr/include/.f,/usr/include/.f
       -list filename : grib_dist.lst
       -o    filename : none

COMPILER: Intel(R) Fortran 12.1-2100
